2019-11-14 18:49:18 [    INFO] 200 (api_tests.py:21)
2019-11-14 18:49:18 [    INFO] 200 (api_tests.py:27)
2019-11-14 18:49:18 [    INFO] 200 (api_tests.py:45)
2019-11-14 18:49:18 [    INFO] 200 (api_tests.py:53)
2019-11-14 18:49:18 [    INFO] 200 (api_tests.py:61)
2019-11-14 18:49:18 [    INFO] 200 (api_tests.py:70)
