2019-11-14 16:39:25 [    INFO] 200 (api_tests.py:21)
